rem "Gemfile - 1" and "Gemfile - 2" caused errors
rem original "Gemfile" worked!





C:\Sites\ruby_on_rails_tutorial>cd first_app

C:\Sites\ruby_on_rails_tutorial\first_app>bundle update
Fetching gem metadata from https://rubygems.org/...........
Fetching gem metadata from https://rubygems.org/..
Resolving dependencies...
Bundler could not find compatible versions for gem "railties":
  In Gemfile:
    rails (= 3.2.13) x86-mingw32 depends on
      railties (= 3.2.13) x86-mingw32

    sass-rails (= 4.0.0) x86-mingw32 depends on
      railties (4.0.0)





C:\Sites\ruby_on_rails_tutorial\first_app>bundle update
Fetching gem metadata from https://rubygems.org/...........
Fetching gem metadata from https://rubygems.org/..
Resolving dependencies...
Bundler could not find compatible versions for gem "railties":
  In Gemfile:
    rails (= 3.2.13) x86-mingw32 depends on
      railties (= 3.2.13) x86-mingw32

    sass-rails (~> 4.0.0) x86-mingw32 depends on
      railties (4.0.0)






C:\Sites\ruby_on_rails_tutorial\first_app>bundle update
Fetching gem metadata from https://rubygems.org/...........
Fetching gem metadata from https://rubygems.org/..
Resolving dependencies...
Using rake (10.1.0)
Using i18n (0.6.1)
Using multi_json (1.7.7)
Using activesupport (3.2.13)
Using builder (3.0.4)
Using activemodel (3.2.13)
Using erubis (2.7.0)
Using journey (1.0.4)
Using rack (1.4.5)
Using rack-cache (1.2)
Using rack-test (0.6.2)
Using hike (1.2.3)
Using tilt (1.4.1)
Using sprockets (2.2.2)
Using actionpack (3.2.13)
Using mime-types (1.23)
Using polyglot (0.3.3)
Using treetop (1.4.14)
Using mail (2.5.4)
Using actionmailer (3.2.13)
Using arel (3.0.2)
Using tzinfo (0.3.37)
Using activerecord (3.2.13)
Using activeresource (3.2.13)
Using bundler (1.3.4)
Using coffee-script-source (1.6.3)
Using execjs (1.4.0)
Using coffee-script (2.2.0)
Using rack-ssl (1.3.3)
Using json (1.8.0)
Using rdoc (3.12.2)
Using thor (0.18.1)
Using railties (3.2.13)
Using coffee-rails (3.2.2)
Using jquery-rails (3.0.2)
Using rails (3.2.13)
Using sass (3.2.9)
Using sass-rails (3.2.6)
Using sqlite3 (1.3.7)
Using uglifier (2.1.1)
Your bundle is updated!

C:\Sites\ruby_on_rails_tutorial\first_app>bundle install
Using rake (10.1.0)
Using i18n (0.6.1)
Using multi_json (1.7.7)
Using activesupport (3.2.13)
Using builder (3.0.4)
Using activemodel (3.2.13)
Using erubis (2.7.0)
Using journey (1.0.4)
Using rack (1.4.5)
Using rack-cache (1.2)
Using rack-test (0.6.2)
Using hike (1.2.3)
Using tilt (1.4.1)
Using sprockets (2.2.2)
Using actionpack (3.2.13)
Using mime-types (1.23)
Using polyglot (0.3.3)
Using treetop (1.4.14)
Using mail (2.5.4)
Using actionmailer (3.2.13)
Using arel (3.0.2)
Using tzinfo (0.3.37)
Using activerecord (3.2.13)
Using activeresource (3.2.13)
Using coffee-script-source (1.6.3)
Using execjs (1.4.0)
Using coffee-script (2.2.0)
Using rack-ssl (1.3.3)
Using json (1.8.0)
Using rdoc (3.12.2)
Using thor (0.18.1)
Using railties (3.2.13)
Using coffee-rails (3.2.2)
Using jquery-rails (3.0.2)
Using bundler (1.3.4)
Using rails (3.2.13)
Using sass (3.2.9)
Using sass-rails (3.2.6)
Using sqlite3 (1.3.7)
Using uglifier (2.1.1)
Your bundle is complete!
Use `bundle show [gemname]` to see where a bundled gem is installed.

C:\Sites\ruby_on_rails_tutorial\first_app>
C:\Sites\ruby_on_rails_tutorial\first_app>
C:\Sites\ruby_on_rails_tutorial\first_app>
C:\Sites\ruby_on_rails_tutorial\first_app>
C:\Sites\ruby_on_rails_tutorial\first_app>
C:\Sites\ruby_on_rails_tutorial\first_app>